  Tue Feb 18 16:49:13 2020 for program Focmec
 No comments
 Input from a file test.inp
 

 Statn  Azimuth    TOA   Key  Log10 Ratio  NumPol  DenTOA  Comment
  ECEU    79.8     81.7   U                                
   CEU    79.8     81.8   U                                
  ARNO     9.5     82.2   D                                
  ESPR    37.9     82.7   U                                
  PBDV   335.7     83.7   D                                
  PVAQ   342.5     84.2   D                                
  EGRO   348.9     84.5   D                                
  EMIJ    63.5     85.0   U                                
  PFVI   316.0     85.1   D                                
  EMIN     7.1     85.3   D                                
  PCVE   337.7     85.3   D                                
   AVE   184.9     86.1   D                                
  EMAL    62.1     86.1   U                                
  PNCL   333.9     87.3   D                                
   EVO   344.2     88.1   D                                
  EBAD   359.3     88.5   D                                
  PMAF   331.3     89.5   D                                
 Polarities/Errors:  P 017/01  SV 000/00  SH 000/00
 There are no amplitude ratio data
 The minimum, increment and maximum B axis trend:   500.00    5.00  500.00
 The limits for the B axis plunge:     0.00    5.00   90.00
 The limits for Angle:     0.00    5.00  175.00
 ++++++++++++++++++++++++++++++++++++++++++++++++++++++++++++++++++++++++++++

     Dip,Strike,Rake     21.09     4.01   -44.01
     Dip,Strike,Rake     75.52   136.03  -105.50   Auxiliary Plane
     Lower Hem. Trend, Plunge of A,N     46.03    14.48   274.01    68.91
     Lower Hem. Trend, Plunge of P,T     25.85    56.77   238.50    28.88
     B trend, B plunge, Angle:  500.00  15.00 165.00

 P Polarity error at   AVE
 P Polarity weights:  1.00
  Total P polarity weight is  1.000   Total number:   1
++++++++++++++++++++++++++++++++++++++++++++++++++++++++++++++++++++++++++++++++

 Reached chosen maximum of    1 solutions

 There are   1 acceptable solutions
