  Thu Sep 24 13:25:13 2020 for program Focmec
 No comments
 Input from a file test.inp
 

 Statn  Azimuth    TOA   Key  Log10 Ratio  NumPol  DenTOA  Comment
  ECEU    80.9     83.4   U                                
  CEU     80.9     83.5   U                                
  ARNO     8.2     83.7   D                                
  ESPR    37.7     84.2   U                                
  PBDV   334.1     85.8   D                                
  PVAQ   340.8     86.3   D                                
  EGRO   347.2     86.8   D                                
  EMIJ    63.9     87.5   U                                
  PFVI   314.8     87.7   D                                
  EMIN     5.5     87.9   D                                
  PCVE   336.0     88.1   D                                
  EMAL    62.4     89.6   U                                
  OBS0   275.0     88.5   U                                
  PNCL   332.2     88.4   D                                
  OBS0   268.4     88.4   U                                
  OBS0   281.1     88.3   U                                
  EVO    342.3     88.3   D                                
  EBAD   357.3     88.3   D                                
  EADA    36.1     88.3   U                                
  OBS0   268.6     88.3   U                                
  OBS0   279.8     88.3   U                                
  PEST   349.3     88.3   D                                
  PMAF   329.6     88.1   D                                
 Polarities/Errors:  P 023/01  SV 000/00  SH 000/00
 There are no amplitude ratio data
 The minimum, increment and maximum B axis trend:   500.00    5.00  500.00
 The limits for the B axis plunge:     0.00    5.00   90.00
 The limits for Angle:     0.00    5.00  175.00
 ++++++++++++++++++++++++++++++++++++++++++++++++++++++++++++++++++++++++++++

     Dip,Strike,Rake     14.11     4.56   -44.56
     Dip,Strike,Rake     80.15   138.25  -100.15   Auxiliary Plane
     Lower Hem. Trend, Plunge of A,N     48.25     9.85   274.56    75.89
     Lower Hem. Trend, Plunge of P,T     36.07    53.78   236.93    34.39
     B trend, B plunge, Angle:  500.00  10.00 170.00

 P Polarity error at  PFVI
 P Polarity weights:  1.00
  Total P polarity weight is  1.000   Total number:   1
++++++++++++++++++++++++++++++++++++++++++++++++++++++++++++++++++++++++++++++++

 Reached chosen maximum of    1 solutions

 There are   1 acceptable solutions
